[run_project_env] Using project-isolated LIBERO/OpenVLA environment for this subprocess only.
[run_project_env] LD_LIBRARY_PATH is unset here to avoid the broken system CUDA nvJitLink path.
fatal: not a git repository (or any of the parent directories): .git
[robosuite WARNING] No private macro file found! (macros.py:53)
[robosuite WARNING] It is recommended to use a private macro file (macros.py:54)
[robosuite WARNING] To setup, run: python /home/lijingsu/vla/.venv/lib/python3.10/site-packages/robosuite/scripts/setup_macros.py (macros.py:55)
Gym has been unmaintained since 2022 and does not support NumPy 2.0 amongst other critical functionality.
Please upgrade to Gymnasium, the maintained drop-in replacement of Gym, or contact the authors of your software and request that they upgrade.
Users of this version of Gym should be able to simply replace 'import gym' with 'import gymnasium as gym' in the vast majority of cases.
See the migration guide at https://gymnasium.farama.org/introduction/migration_guide/ for additional information.
nominal seed=0: success=True valid=1
nominal seed=1: success=True valid=1
nominal seed=2: success=True valid=1
nominal seed=3: success=True valid=1
nominal seed=4: success=True valid=1
nominal seed=5: success=True valid=1
nominal seed=6: success=True valid=1
nominal seed=7: success=True valid=1
nominal seed=8: success=True valid=1
nominal seed=9: success=True valid=1
Stage A real nominal gate: 10/10 valid (10 attempted) -> PASS
