[run_project_env] Using project-isolated LIBERO/OpenVLA environment for this subprocess only.
[run_project_env] LD_LIBRARY_PATH is unset here to avoid the broken system CUDA nvJitLink path.
[robosuite WARNING] No private macro file found! (macros.py:53)
[robosuite WARNING] It is recommended to use a private macro file (macros.py:54)
[robosuite WARNING] To setup, run: python /home/lijingsu/vla/.venv/lib/python3.10/site-packages/robosuite/scripts/setup_macros.py (macros.py:55)
Gym has been unmaintained since 2022 and does not support NumPy 2.0 amongst other critical functionality.
Please upgrade to Gymnasium, the maintained drop-in replacement of Gym, or contact the authors of your software and request that they upgrade.
Users of this version of Gym should be able to simply replace 'import gym' with 'import gymnasium as gym' in the vast majority of cases.
See the migration guide at https://gymnasium.farama.org/introduction/migration_guide/ for additional information.
/home/lijingsu/vla/src/LIBERO/libero/libero/benchmark/__init__.py:164: FutureWarning: You are using `torch.load` with `weights_only=False` (the current default value), which uses the default pickle module implicitly. It is possible to construct malicious pickle data which will execute arbitrary code during unpickling (See https://github.com/pytorch/pytorch/blob/main/SECURITY.md#untrusted-models for more details). In a future release, the default value for `weights_only` will be flipped to `True`. This limits the functions that could be executed during unpickling. Arbitrary objects will no longer be allowed to be loaded via this mode unless they are explicitly allowlisted by the user via `torch.serialization.add_safe_globals`. We recommend you start setting `weights_only=True` for any use case where you don't have full control of the loaded file. Please open an issue on GitHub for any issues related to this experimental feature.
  init_states = torch.load(init_states_path)
2026-07-31 13:57:33.907546: I tensorflow/core/util/port.cc:113] oneDNN custom operations are on. You may see slightly different numerical results due to floating-point round-off errors from different computation orders. To turn them off, set the environment variable `TF_ENABLE_ONEDNN_OPTS=0`.
2026-07-31 13:57:33.940992: E external/local_xla/xla/stream_executor/cuda/cuda_dnn.cc:9261] Unable to register cuDNN factory: Attempting to register factory for plugin cuDNN when one has already been registered
2026-07-31 13:57:33.941029: E external/local_xla/xla/stream_executor/cuda/cuda_fft.cc:607] Unable to register cuFFT factory: Attempting to register factory for plugin cuFFT when one has already been registered
2026-07-31 13:57:33.941833: E external/local_xla/xla/stream_executor/cuda/cuda_blas.cc:1515] Unable to register cuBLAS factory: Attempting to register factory for plugin cuBLAS when one has already been registered
2026-07-31 13:57:33.946730: I tensorflow/core/platform/cpu_feature_guard.cc:182] This TensorFlow binary is optimized to use available CPU instructions in performance-critical operations.
To enable the following instructions: AVX2 AVX512F AVX512_VNNI FMA, in other operations, rebuild TensorFlow with the appropriate compiler flags.
2026-07-31 13:57:34.636732: W tensorflow/compiler/tf2tensorrt/utils/py_utils.cc:38] TF-TRT Warning: Could not find TensorRT
/home/lijingsu/vla/.venv/lib/python3.10/site-packages/transformers/utils/hub.py:124: FutureWarning: Using `TRANSFORMERS_CACHE` is deprecated and will be removed in v5 of Transformers. Use `HF_HOME` instead.
  warnings.warn(
<frozen importlib._bootstrap>:241: DeprecationWarning: builtin type SwigPyPacked has no __module__ attribute
<frozen importlib._bootstrap>:241: DeprecationWarning: builtin type SwigPyObject has no __module__ attribute
/home/lijingsu/vla/.venv/lib/python3.10/site-packages/wandb/analytics/sentry.py:90: SentryHubDeprecationWarning: `sentry_sdk.Hub` is deprecated and will be removed in a future major release. Please consult our 1.x to 2.x migration guide for details on how to migrate `Hub` usage to the new API: https://docs.sentry.io/platforms/python/migration/1.x-to-2.x
  self.hub = sentry_sdk.Hub(client)
2026-07-31 13:57:37.297211: W tensorflow/core/common_runtime/gpu/gpu_device.cc:2256] Cannot dlopen some GPU libraries. Please make sure the missing libraries mentioned above are installed properly if you would like to use GPU. Follow the guide at https://www.tensorflow.org/install/gpu for how to download and setup the required libraries for your platform.
Skipping registering GPU devices...
<frozen importlib._bootstrap>:283: DeprecationWarning: the load_module() method is deprecated and slated for removal in Python 3.12; use exec_module() instead
[info] using task orders [0, 1, 2, 3, 4, 5, 6, 7, 8, 9]
[*] Instantiating Pretrained VLA model
[*] Loading in BF16 with SDPA Attention
Loading checkpoint shards:   0%|          | 0/4 [00:00<?, ?it/s]Loading checkpoint shards:  25%|██▌       | 1/4 [00:00<00:00,  3.34it/s]Loading checkpoint shards:  50%|█████     | 2/4 [00:00<00:00,  4.17it/s]Loading checkpoint shards:  75%|███████▌  | 3/4 [00:00<00:00,  4.49it/s]Loading checkpoint shards: 100%|██████████| 4/4 [00:00<00:00,  4.07it/s]Loading checkpoint shards: 100%|██████████| 4/4 [00:00<00:00,  4.07it/s]
Loaded model: <class 'transformers_modules.openvla.openvla-7b.47a0ec7fc4ec123775a391911046cf33cf9ed83f.modeling_prismatic.OpenVLAForActionPrediction'>
[info] using task orders [0, 1, 2, 3, 4, 5, 6, 7, 8, 9]
{
  "modes": [
    "oracle_full"
  ],
  "physical_gpu": "1",
  "results": [
    {
      "current_goal_success": false,
      "event_reached": true,
      "event_step": 135,
      "mode": "oracle_full",
      "policy_steps_consumed": 520,
      "prompt_variant": "progress_explicit",
      "runtime_seconds": 301.23875703290105,
      "termination_reason": "policy_step_budget_exhausted",
      "valid_progress_retained": true
    }
  ],
  "schema_version": "semantic-replacement-canary-worker-summary-v1",
  "state_id": 0
}
sys:1: DeprecationWarning: builtin type swigvarlink has no __module__ attribute
