2026-07-08 01:40:46.347579: I tensorflow/core/util/port.cc:113] oneDNN custom operations are on. You may see slightly different numerical results due to floating-point round-off errors from different computation orders. To turn them off, set the environment variable `TF_ENABLE_ONEDNN_OPTS=0`.
2026-07-08 01:40:46.417225: E external/local_xla/xla/stream_executor/cuda/cuda_dnn.cc:9261] Unable to register cuDNN factory: Attempting to register factory for plugin cuDNN when one has already been registered
2026-07-08 01:40:46.417259: E external/local_xla/xla/stream_executor/cuda/cuda_fft.cc:607] Unable to register cuFFT factory: Attempting to register factory for plugin cuFFT when one has already been registered
2026-07-08 01:40:46.418063: E external/local_xla/xla/stream_executor/cuda/cuda_blas.cc:1515] Unable to register cuBLAS factory: Attempting to register factory for plugin cuBLAS when one has already been registered
2026-07-08 01:40:46.430126: I tensorflow/core/platform/cpu_feature_guard.cc:182] This TensorFlow binary is optimized to use available CPU instructions in performance-critical operations.
To enable the following instructions: AVX2 AVX512F AVX512_VNNI FMA, in other operations, rebuild TensorFlow with the appropriate compiler flags.
2026-07-08 01:40:47.303007: W tensorflow/compiler/tf2tensorrt/utils/py_utils.cc:38] TF-TRT Warning: Could not find TensorRT
[robosuite WARNING] No private macro file found! (macros.py:53)
[robosuite WARNING] It is recommended to use a private macro file (macros.py:54)
[robosuite WARNING] To setup, run: python /home/lijingsu/vla/.venv/lib/python3.10/site-packages/robosuite/scripts/setup_macros.py (macros.py:55)
Gym has been unmaintained since 2022 and does not support NumPy 2.0 amongst other critical functionality.
Please upgrade to Gymnasium, the maintained drop-in replacement of Gym, or contact the authors of your software and request that they upgrade.
Users of this version of Gym should be able to simply replace 'import gym' with 'import gymnasium as gym' in the vast majority of cases.
See the migration guide at https://gymnasium.farama.org/introduction/migration_guide/ for additional information.
<frozen importlib._bootstrap>:241: DeprecationWarning: builtin type SwigPyPacked has no __module__ attribute
<frozen importlib._bootstrap>:241: DeprecationWarning: builtin type SwigPyObject has no __module__ attribute
/home/lijingsu/vla/.venv/lib/python3.10/site-packages/wandb/analytics/sentry.py:90: SentryHubDeprecationWarning: `sentry_sdk.Hub` is deprecated and will be removed in a future major release. Please consult our 1.x to 2.x migration guide for details on how to migrate `Hub` usage to the new API: https://docs.sentry.io/platforms/python/migration/1.x-to-2.x
  self.hub = sentry_sdk.Hub(client)
2026-07-08 01:40:50.848482: W tensorflow/core/common_runtime/gpu/gpu_device.cc:2256] Cannot dlopen some GPU libraries. Please make sure the missing libraries mentioned above are installed properly if you would like to use GPU. Follow the guide at https://www.tensorflow.org/install/gpu for how to download and setup the required libraries for your platform.
Skipping registering GPU devices...
<frozen importlib._bootstrap>:283: DeprecationWarning: the load_module() method is deprecated and slated for removal in Python 3.12; use exec_module() instead
[*] Instantiating Pretrained VLA model
[*] Loading in BF16 with SDPA Attention
Loading checkpoint shards:   0%|          | 0/4 [00:00<?, ?it/s]Loading checkpoint shards:  25%|██▌       | 1/4 [00:00<00:01,  2.80it/s]Loading checkpoint shards:  50%|█████     | 2/4 [00:00<00:00,  2.76it/s]Loading checkpoint shards:  75%|███████▌  | 3/4 [00:00<00:00,  3.10it/s]Loading checkpoint shards: 100%|██████████| 4/4 [00:01<00:00,  3.70it/s]Loading checkpoint shards: 100%|██████████| 4/4 [00:01<00:00,  3.36it/s]
Loaded model: <class 'transformers_modules.openvla-7b-finetuned-libero-spatial.modeling_prismatic.OpenVLAForActionPrediction'>
[info] using task orders [0, 1, 2, 3, 4, 5, 6, 7, 8, 9]
clean task= 0 target= akita_black_bowl_1_joint0 success= True steps= 75 video= /home/lijingsu/vla/disturbance_outputs/magnitude_large/2026_07_08-01_41_03/clean_task0_trial0_successTrue.mp4
disturbed task= 0 target= akita_black_bowl_1_joint0 success= False steps= 220 video= /home/lijingsu/vla/disturbance_outputs/magnitude_large/2026_07_08-01_41_03/disturbed_task0_trial0_successFalse.mp4
clean task= 1 target= akita_black_bowl_1_joint0 success= True steps= 113 video= /home/lijingsu/vla/disturbance_outputs/magnitude_large/2026_07_08-01_41_03/clean_task1_trial0_successTrue.mp4
disturbed task= 1 target= akita_black_bowl_1_joint0 success= False steps= 220 video= /home/lijingsu/vla/disturbance_outputs/magnitude_large/2026_07_08-01_41_03/disturbed_task1_trial0_successFalse.mp4
clean task= 2 target= akita_black_bowl_1_joint0 success= False steps= 220 video= /home/lijingsu/vla/disturbance_outputs/magnitude_large/2026_07_08-01_41_03/clean_task2_trial0_successFalse.mp4
disturbed task= 2 target= akita_black_bowl_1_joint0 success= False steps= 220 video= /home/lijingsu/vla/disturbance_outputs/magnitude_large/2026_07_08-01_41_03/disturbed_task2_trial0_successFalse.mp4
clean task= 3 target= akita_black_bowl_1_joint0 success= True steps= 90 video= /home/lijingsu/vla/disturbance_outputs/magnitude_large/2026_07_08-01_41_03/clean_task3_trial0_successTrue.mp4
disturbed task= 3 target= akita_black_bowl_1_joint0 success= False steps= 220 video= /home/lijingsu/vla/disturbance_outputs/magnitude_large/2026_07_08-01_41_03/disturbed_task3_trial0_successFalse.mp4
clean task= 4 target= akita_black_bowl_1_joint0 success= True steps= 142 video= /home/lijingsu/vla/disturbance_outputs/magnitude_large/2026_07_08-01_41_03/clean_task4_trial0_successTrue.mp4
disturbed task= 4 target= akita_black_bowl_1_joint0 success= False steps= 220 video= /home/lijingsu/vla/disturbance_outputs/magnitude_large/2026_07_08-01_41_03/disturbed_task4_trial0_successFalse.mp4
clean task= 5 target= akita_black_bowl_1_joint0 success= True steps= 103 video= /home/lijingsu/vla/disturbance_outputs/magnitude_large/2026_07_08-01_41_03/clean_task5_trial0_successTrue.mp4
disturbed task= 5 target= akita_black_bowl_1_joint0 success= False steps= 220 video= /home/lijingsu/vla/disturbance_outputs/magnitude_large/2026_07_08-01_41_03/disturbed_task5_trial0_successFalse.mp4
clean task= 6 target= akita_black_bowl_1_joint0 success= True steps= 107 video= /home/lijingsu/vla/disturbance_outputs/magnitude_large/2026_07_08-01_41_03/clean_task6_trial0_successTrue.mp4
disturbed task= 6 target= akita_black_bowl_1_joint0 success= False steps= 220 video= /home/lijingsu/vla/disturbance_outputs/magnitude_large/2026_07_08-01_41_03/disturbed_task6_trial0_successFalse.mp4
clean task= 7 target= akita_black_bowl_1_joint0 success= True steps= 124 video= /home/lijingsu/vla/disturbance_outputs/magnitude_large/2026_07_08-01_41_03/clean_task7_trial0_successTrue.mp4
disturbed task= 7 target= akita_black_bowl_1_joint0 success= False steps= 220 video= /home/lijingsu/vla/disturbance_outputs/magnitude_large/2026_07_08-01_41_03/disturbed_task7_trial0_successFalse.mp4
clean task= 8 target= akita_black_bowl_1_joint0 success= True steps= 119 video= /home/lijingsu/vla/disturbance_outputs/magnitude_large/2026_07_08-01_41_03/clean_task8_trial0_successTrue.mp4
disturbed task= 8 target= akita_black_bowl_1_joint0 success= False steps= 220 video= /home/lijingsu/vla/disturbance_outputs/magnitude_large/2026_07_08-01_41_03/disturbed_task8_trial0_successFalse.mp4
clean task= 9 target= akita_black_bowl_1_joint0 success= True steps= 121 video= /home/lijingsu/vla/disturbance_outputs/magnitude_large/2026_07_08-01_41_03/clean_task9_trial0_successTrue.mp4
disturbed task= 9 target= akita_black_bowl_1_joint0 success= False steps= 220 video= /home/lijingsu/vla/disturbance_outputs/magnitude_large/2026_07_08-01_41_03/disturbed_task9_trial0_successFalse.mp4
{
  "checkpoint": "/home/lijingsu/vla/models/openvla-7b-finetuned-libero-spatial",
  "args": {
    "checkpoint": "/home/lijingsu/vla/models/openvla-7b-finetuned-libero-spatial",
    "task_suite": "libero_spatial",
    "task_id": -1,
    "trials": 1,
    "max_steps": 220,
    "num_steps_wait": 10,
    "disturbance_step": 70,
    "target_joint": "auto",
    "unnorm_key": null,
    "dx": 0.15,
    "dy": 0.1,
    "out_dir": "/home/lijingsu/vla/disturbance_outputs/magnitude_large",
    "seed": 7
  },
  "clean_success_rate": 0.9,
  "disturbed_success_rate": 0.0,
  "jsonl_path": "/home/lijingsu/vla/disturbance_outputs/magnitude_large/2026_07_08-01_41_03/episodes.jsonl",
  "per_task": {
    "0": {
      "clean": {
        "n": 1,
        "successes": 1,
        "success_rate": 1.0
      },
      "disturbed": {
        "n": 1,
        "successes": 0,
        "success_rate": 0.0
      }
    },
    "1": {
      "clean": {
        "n": 1,
        "successes": 1,
        "success_rate": 1.0
      },
      "disturbed": {
        "n": 1,
        "successes": 0,
        "success_rate": 0.0
      }
    },
    "2": {
      "clean": {
        "n": 1,
        "successes": 0,
        "success_rate": 0.0
      },
      "disturbed": {
        "n": 1,
        "successes": 0,
        "success_rate": 0.0
      }
    },
    "3": {
      "clean": {
        "n": 1,
        "successes": 1,
        "success_rate": 1.0
      },
      "disturbed": {
        "n": 1,
        "successes": 0,
        "success_rate": 0.0
      }
    },
    "4": {
      "clean": {
        "n": 1,
        "successes": 1,
        "success_rate": 1.0
      },
      "disturbed": {
        "n": 1,
        "successes": 0,
        "success_rate": 0.0
      }
    },
    "5": {
      "clean": {
        "n": 1,
        "successes": 1,
        "success_rate": 1.0
      },
      "disturbed": {
        "n": 1,
        "successes": 0,
        "success_rate": 0.0
      }
    },
    "6": {
      "clean": {
        "n": 1,
        "successes": 1,
        "success_rate": 1.0
      },
      "disturbed": {
        "n": 1,
        "successes": 0,
        "success_rate": 0.0
      }
    },
    "7": {
      "clean": {
        "n": 1,
        "successes": 1,
        "success_rate": 1.0
      },
      "disturbed": {
        "n": 1,
        "successes": 0,
        "success_rate": 0.0
      }
    },
    "8": {
      "clean": {
        "n": 1,
        "successes": 1,
        "success_rate": 1.0
      },
      "disturbed": {
        "n": 1,
        "successes": 0,
        "success_rate": 0.0
      }
    },
    "9": {
      "clean": {
        "n": 1,
        "successes": 1,
        "success_rate": 1.0
      },
      "disturbed": {
        "n": 1,
        "successes": 0,
        "success_rate": 0.0
      }
    }
  }
}
summary /home/lijingsu/vla/disturbance_outputs/magnitude_large/2026_07_08-01_41_03/summary.json
sys:1: DeprecationWarning: builtin type swigvarlink has no __module__ attribute
