/home/lijingsu/vla/.pytest_cache/.gitignore
/home/lijingsu/vla/.pytest_cache/CACHEDIR.TAG
/home/lijingsu/vla/.pytest_cache/README.md
/home/lijingsu/vla/.venv/pyvenv.cfg
/home/lijingsu/vla/README.md
/home/lijingsu/vla/README_LIBERO_DASHBOARD.md
/home/lijingsu/vla/__pycache__/baseline_current_world_replan_eval.cpython-310.pyc
/home/lijingsu/vla/__pycache__/baseline_reset_rollback_eval.cpython-310.pyc
/home/lijingsu/vla/__pycache__/baseline_stage_backtrack_eval.cpython-310.pyc
/home/lijingsu/vla/__pycache__/libero_dashboard.cpython-310.pyc
/home/lijingsu/vla/__pycache__/libero_dashboard_controller.cpython-310.pyc
/home/lijingsu/vla/__pycache__/libero_disturbance_eval.cpython-310.pyc
/home/lijingsu/vla/__pycache__/libero_experiment_core.cpython-310.pyc
/home/lijingsu/vla/__pycache__/second_necessity_intervention.cpython-310.pyc
/home/lijingsu/vla/baseline_current_world_replan_eval.py
/home/lijingsu/vla/baseline_reset_rollback_eval.py
/home/lijingsu/vla/baseline_stage_backtrack_eval.py
/home/lijingsu/vla/check_vla_env.py
/home/lijingsu/vla/disturbance_outputs/latest_summary_dir.txt
/home/lijingsu/vla/disturbance_outputs/wait_and_collect.log
/home/lijingsu/vla/disturbance_probe.py
/home/lijingsu/vla/disturbance_probe_out/cup_moved.png
/home/lijingsu/vla/disturbance_probe_out/cup_removed.png
/home/lijingsu/vla/disturbance_probe_out/hand_intrusion.png
/home/lijingsu/vla/disturbance_probe_out/normal.png
/home/lijingsu/vla/disturbance_probe_out/water_high.png
/home/lijingsu/vla/download_openvla.log
/home/lijingsu/vla/download_openvla.py
/home/lijingsu/vla/download_openvla_libero_spatial.py
/home/lijingsu/vla/libero_base_closed_loop_smoke.py
/home/lijingsu/vla/libero_dashboard.py
/home/lijingsu/vla/libero_dashboard_controller.py
/home/lijingsu/vla/libero_disturbance_eval.py
/home/lijingsu/vla/libero_disturbance_smoke.py
/home/lijingsu/vla/libero_experiment_core.py
/home/lijingsu/vla/openpi_libero_config/config.yaml
/home/lijingsu/vla/openvla_smoke.py
/home/lijingsu/vla/requirements-dashboard.txt
/home/lijingsu/vla/run_baseline_base_openvla.sh
/home/lijingsu/vla/run_expanded_spatial_3trials.sh
/home/lijingsu/vla/run_full_spatial_disturbance.sh
/home/lijingsu/vla/run_libero_dashboard.sh
/home/lijingsu/vla/run_magnitude_large.sh
/home/lijingsu/vla/run_magnitude_small.sh
/home/lijingsu/vla/run_one_probe.py
/home/lijingsu/vla/run_timing_step120.sh
/home/lijingsu/vla/run_timing_step30.sh
/home/lijingsu/vla/run_timing_step60.sh
/home/lijingsu/vla/second_necessity_intervention.py
/home/lijingsu/vla/smoke_outputs/base_closed_loop_smoke.json
/home/lijingsu/vla/smoke_outputs/frame_t3.png
/home/lijingsu/vla/smoke_outputs/frame_t4.png
/home/lijingsu/vla/smoke_outputs/frame_t5.png
/home/lijingsu/vla/smoke_outputs/frame_t6.png
/home/lijingsu/vla/smoke_outputs/frame_t7.png
/home/lijingsu/vla/smoke_outputs/frame_t8.png
/home/lijingsu/vla/smoke_outputs/frame_t9.png
/home/lijingsu/vla/src/libero.zip
/home/lijingsu/vla/summarize_disturbance_results.py
/home/lijingsu/vla/synthetic_table.png
/home/lijingsu/vla/tests/test_dashboard_controller.py
/home/lijingsu/vla/tests/test_experiment_helpers.py
/home/lijingsu/vla/verifier_vs_recovery_state_eval.py
/home/lijingsu/vla/wait_and_collect_disturbance_results.sh
