/home/lijingsu/vla/.pytest_cache/.gitignore
/home/lijingsu/vla/.pytest_cache/README.md
/home/lijingsu/vla/README.md
/home/lijingsu/vla/README_LIBERO_DASHBOARD.md
/home/lijingsu/vla/audit_outputs/20260713_202132/env.txt
/home/lijingsu/vla/audit_outputs/20260713_202132/generated_files.txt
/home/lijingsu/vla/audit_outputs/20260713_202132/original_snapshot_sha256.txt
/home/lijingsu/vla/audit_outputs/20260713_202132/pip_freeze.txt
/home/lijingsu/vla/audit_outputs/20260713_202132/remote_source_sha256.txt
/home/lijingsu/vla/audit_outputs/20260713_202132/system.txt
/home/lijingsu/vla/baseline_current_world_replan_eval.py
/home/lijingsu/vla/baseline_reset_rollback_eval.py
/home/lijingsu/vla/baseline_stage_backtrack_eval.py
/home/lijingsu/vla/cache/transformers/version.txt
/home/lijingsu/vla/check_vla_env.py
/home/lijingsu/vla/disturbance_outputs/latest_summary_dir.txt
/home/lijingsu/vla/disturbance_probe.py
/home/lijingsu/vla/download_openvla.py
/home/lijingsu/vla/download_openvla_libero_spatial.py
/home/lijingsu/vla/libero_base_closed_loop_smoke.py
/home/lijingsu/vla/libero_dashboard.py
/home/lijingsu/vla/libero_dashboard_controller.py
/home/lijingsu/vla/libero_disturbance_eval.py
/home/lijingsu/vla/libero_disturbance_smoke.py
/home/lijingsu/vla/libero_experiment_core.py
/home/lijingsu/vla/models/openvla-7b-finetuned-libero-spatial/README.md
/home/lijingsu/vla/models/openvla-7b-finetuned-libero-spatial/configuration_prismatic.py
/home/lijingsu/vla/models/openvla-7b-finetuned-libero-spatial/modeling_prismatic.py
/home/lijingsu/vla/models/openvla-7b-finetuned-libero-spatial/processing_prismatic.py
/home/lijingsu/vla/models/openvla-7b/README.md
/home/lijingsu/vla/models/openvla-7b/configuration_prismatic.py
/home/lijingsu/vla/models/openvla-7b/modeling_prismatic.py
/home/lijingsu/vla/models/openvla-7b/processing_prismatic.py
/home/lijingsu/vla/openpi_libero_config/config.yaml
/home/lijingsu/vla/openvla_smoke.py
/home/lijingsu/vla/requirements-dashboard.txt
/home/lijingsu/vla/run_baseline_base_openvla.sh
/home/lijingsu/vla/run_expanded_spatial_3trials.sh
/home/lijingsu/vla/run_full_spatial_disturbance.sh
/home/lijingsu/vla/run_libero_dashboard.sh
/home/lijingsu/vla/run_magnitude_large.sh
/home/lijingsu/vla/run_magnitude_small.sh
/home/lijingsu/vla/run_one_probe.py
/home/lijingsu/vla/run_timing_step120.sh
/home/lijingsu/vla/run_timing_step30.sh
/home/lijingsu/vla/run_timing_step60.sh
/home/lijingsu/vla/second_necessity_intervention.py
/home/lijingsu/vla/second_necessity_outputs/2026_07_08-00_46_22/README.md
/home/lijingsu/vla/src/LIBERO/.gitignore
/home/lijingsu/vla/src/LIBERO/README.md
/home/lijingsu/vla/src/LIBERO/requirements.txt
/home/lijingsu/vla/src/LIBERO/setup.py
/home/lijingsu/vla/src/openpi/.gitignore
/home/lijingsu/vla/src/openpi/.pre-commit-config.yaml
/home/lijingsu/vla/src/openpi/CONTRIBUTING.md
/home/lijingsu/vla/src/openpi/LICENSE_GEMMA.txt
/home/lijingsu/vla/src/openpi/README.md
/home/lijingsu/vla/src/openvla/.gitignore
/home/lijingsu/vla/src/openvla/.pre-commit-config.yaml
/home/lijingsu/vla/src/openvla/README.md
/home/lijingsu/vla/src/openvla/requirements-min.txt
/home/lijingsu/vla/summarize_disturbance_results.py
/home/lijingsu/vla/tests/test_dashboard_controller.py
/home/lijingsu/vla/tests/test_experiment_helpers.py
/home/lijingsu/vla/verifier_vs_recovery_state_eval.py
/home/lijingsu/vla/wait_and_collect_disturbance_results.sh
