COMMAND: find /home/lijingsu/vla/audit_outputs/20260713_202132 -type f \( -name "*.png" -o -name "*.mp4" -o -name "*.json" \) -printf "%TY-%Tm-%Td %TH:%TM:%TS %s %p\\n" | sort -r | tee /home/lijingsu/vla/audit_outputs/20260713_202132/generated_files.txt
START: 2026-07-13T21:00:32+08:00
END: 2026-07-13T21:00:32+08:00
EXIT: 0

STDOUT:
2026-07-13 21:00:32.3371706370 6852 /home/lijingsu/vla/audit_outputs/20260713_202132/phase1_action_image_audit.json
2026-07-13 21:00:32.3371706370 238868 /home/lijingsu/vla/audit_outputs/20260713_202132/disturbance_smoke_contact_sheet.png
2026-07-13 21:00:32.2411703740 208827 /home/lijingsu/vla/audit_outputs/20260713_202132/base_smoke_contact_sheet.png
2026-07-13 20:56:51.7125781740 4501 /home/lijingsu/vla/audit_outputs/20260713_202132/isolated_smoke_outputs_devbind/disturbance/disturbance_smoke.json
2026-07-13 20:56:50.9045760560 56863 /home/lijingsu/vla/audit_outputs/20260713_202132/isolated_smoke_outputs_devbind/disturbance/frame_t11.png
2026-07-13 20:56:50.3525746080 56860 /home/lijingsu/vla/audit_outputs/20260713_202132/isolated_smoke_outputs_devbind/disturbance/frame_t10.png
2026-07-13 20:56:49.7845731200 56792 /home/lijingsu/vla/audit_outputs/20260713_202132/isolated_smoke_outputs_devbind/disturbance/frame_t9.png
2026-07-13 20:56:49.2405716940 56717 /home/lijingsu/vla/audit_outputs/20260713_202132/isolated_smoke_outputs_devbind/disturbance/frame_t8.png
2026-07-13 20:56:48.6965702680 56891 /home/lijingsu/vla/audit_outputs/20260713_202132/isolated_smoke_outputs_devbind/disturbance/frame_t7.png
2026-07-13 20:56:48.1405688110 56461 /home/lijingsu/vla/audit_outputs/20260713_202132/isolated_smoke_outputs_devbind/disturbance/frame_t6.png
2026-07-13 20:56:47.5805673450 56426 /home/lijingsu/vla/audit_outputs/20260713_202132/isolated_smoke_outputs_devbind/disturbance/frame_t5.png
2026-07-13 20:56:47.0365659200 56270 /home/lijingsu/vla/audit_outputs/20260713_202132/isolated_smoke_outputs_devbind/disturbance/frame_t4.png
2026-07-13 20:56:45.9205629970 56428 /home/lijingsu/vla/audit_outputs/20260713_202132/isolated_smoke_outputs_devbind/disturbance/frame_t3.png
2026-07-13 20:56:14.7404816830 2394 /home/lijingsu/vla/audit_outputs/20260713_202132/isolated_smoke_outputs_devbind/base_closed_loop_smoke.json
2026-07-13 20:56:13.9284795750 56358 /home/lijingsu/vla/audit_outputs/20260713_202132/isolated_smoke_outputs_devbind/frame_t9.png
2026-07-13 20:56:13.3964781930 56615 /home/lijingsu/vla/audit_outputs/20260713_202132/isolated_smoke_outputs_devbind/frame_t8.png
2026-07-13 20:56:12.8604768010 56594 /home/lijingsu/vla/audit_outputs/20260713_202132/isolated_smoke_outputs_devbind/frame_t7.png
2026-07-13 20:56:12.3044753590 56461 /home/lijingsu/vla/audit_outputs/20260713_202132/isolated_smoke_outputs_devbind/frame_t6.png
2026-07-13 20:56:11.7724739780 56426 /home/lijingsu/vla/audit_outputs/20260713_202132/isolated_smoke_outputs_devbind/frame_t5.png
2026-07-13 20:56:11.2484726180 56270 /home/lijingsu/vla/audit_outputs/20260713_202132/isolated_smoke_outputs_devbind/frame_t4.png
2026-07-13 20:56:10.0564695260 56428 /home/lijingsu/vla/audit_outputs/20260713_202132/isolated_smoke_outputs_devbind/frame_t3.png

STDERR:
