2026-07-24 18:26:04.980767: E external/local_xla/xla/stream_executor/cuda/cuda_dnn.cc:9261] Unable to register cuDNN factory: Attempting to register factory for plugin cuDNN when one has already been registered
2026-07-24 18:26:04.980804: E external/local_xla/xla/stream_executor/cuda/cuda_fft.cc:607] Unable to register cuFFT factory: Attempting to register factory for plugin cuFFT when one has already been registered
2026-07-24 18:26:04.981634: E external/local_xla/xla/stream_executor/cuda/cuda_blas.cc:1515] Unable to register cuBLAS factory: Attempting to register factory for plugin cuBLAS when one has already been registered
/home/lijingsu/vla/.venv/lib/python3.10/site-packages/transformers/utils/hub.py:124: FutureWarning: Using `TRANSFORMERS_CACHE` is deprecated and will be removed in v5 of Transformers. Use `HF_HOME` instead.
  warnings.warn(
[*] Instantiating Pretrained VLA model
[*] Loading in BF16 with SDPA Attention
Loading checkpoint shards:   0%|          | 0/4 [00:00<?, ?it/s]Loading checkpoint shards:  25%|██▌       | 1/4 [00:00<00:00,  3.83it/s]Loading checkpoint shards:  50%|█████     | 2/4 [00:00<00:00,  4.67it/s]Loading checkpoint shards:  75%|███████▌  | 3/4 [00:00<00:00,  4.90it/s]Loading checkpoint shards: 100%|██████████| 4/4 [00:00<00:00,  5.27it/s]Loading checkpoint shards: 100%|██████████| 4/4 [00:00<00:00,  4.98it/s]
Loaded model: <class 'transformers_modules.openvla.openvla-7b.47a0ec7fc4ec123775a391911046cf33cf9ed83f.modeling_prismatic.OpenVLAForActionPrediction'>
Traceback (most recent call last):
  File "/home/lijingsu/vla/.venv/lib/python3.10/site-packages/transformers/utils/hub.py", line 398, in cached_file
    resolved_file = hf_hub_download(
  File "/home/lijingsu/vla/.venv/lib/python3.10/site-packages/huggingface_hub/utils/_validators.py", line 114, in _inner_fn
    return fn(*args, **kwargs)
  File "/home/lijingsu/vla/.venv/lib/python3.10/site-packages/huggingface_hub/file_download.py", line 1014, in hf_hub_download
    return _hf_hub_download_to_cache_dir(
  File "/home/lijingsu/vla/.venv/lib/python3.10/site-packages/huggingface_hub/file_download.py", line 1121, in _hf_hub_download_to_cache_dir
    _raise_on_head_call_error(head_call_error, force_download, local_files_only)
  File "/home/lijingsu/vla/.venv/lib/python3.10/site-packages/huggingface_hub/file_download.py", line 1653, in _raise_on_head_call_error
    raise LocalEntryNotFoundError(
huggingface_hub.errors.LocalEntryNotFoundError: Cannot find the requested files in the disk cache and outgoing traffic has been disabled. To enable hf.co look-ups and downloads online, set 'local_files_only' to False.

The above exception was the direct cause of the following exception:

Traceback (most recent call last):
  File "/home/lijingsu/cope-integration-20260724/experiments/openvla_libero_calibration.py", line 792, in <module>
    raise SystemExit(main())
  File "/home/lijingsu/cope-integration-20260724/experiments/openvla_libero_calibration.py", line 754, in main
    model, processor, runtime_model_cfg, resolved_unnorm_key = load_model_and_processor(
  File "/home/lijingsu/cope-integration-20260724/libero_experiment_core.py", line 361, in load_model_and_processor
    processor = get_processor(model_cfg)
  File "/home/lijingsu/vla/src/openvla/experiments/robot/openvla_utils.py", line 77, in get_processor
    processor = AutoProcessor.from_pretrained(cfg.pretrained_checkpoint, trust_remote_code=True)
  File "/home/lijingsu/vla/.venv/lib/python3.10/site-packages/transformers/models/auto/processing_auto.py", line 304, in from_pretrained
    processor_class = get_class_from_dynamic_module(
  File "/home/lijingsu/vla/.venv/lib/python3.10/site-packages/transformers/dynamic_module_utils.py", line 489, in get_class_from_dynamic_module
    final_module = get_cached_module_file(
  File "/home/lijingsu/vla/.venv/lib/python3.10/site-packages/transformers/dynamic_module_utils.py", line 294, in get_cached_module_file
    resolved_module_file = cached_file(
  File "/home/lijingsu/vla/.venv/lib/python3.10/site-packages/transformers/utils/hub.py", line 441, in cached_file
    raise EnvironmentError(
OSError: We couldn't connect to 'https://huggingface.co' to load this file, couldn't find it in the cached files and it looks like openvla/openvla-7b is not the path to a directory containing a file named processing_prismatic.py.
Checkout your internet connection or see how to run the library in offline mode at 'https://huggingface.co/docs/transformers/installation#offline-mode'.
